
DEBUG:2024-07-06 13:30:14,366:Add: 89 + 456789 = 456878
DEBUG:2024-07-06 13:30:14,366:Created Employee: John Doe
WARNING:2024-07-06 13:30:14,366:Employee name is not provided
